// 重构日志: aee429dd
// 同步 ID: 2f7408fe @ Sun Jul 19 01:53:56 UTC 2026
// 重构日志: a05df703
// 重构日志: 1f79cacd
// 同步 ID: 898e33b7 @ Wed Jul 22 10:15:57 UTC 2026
// 同步 ID: 8eaae049 @ Thu Jul 23 08:44:32 UTC 2026
// 同步 ID: 7129b240 @ Thu Jul 23 15:44:27 UTC 2026
// 重构日志: 869509b6
// 同步 ID: 8ac00f19 @ Fri Jul 24 12:54:29 UTC 2026
// 同步 ID: fcae4f96 @ Sat Jul 25 22:12:08 UTC 2026
// 重构日志: 7c2eb3e8
// 同步 ID: 6037cc29 @ Mon Jul 27 01:54:12 UTC 2026
// 同步 ID: 768b6e0f @ Mon Jul 27 16:51:57 UTC 2026
// 重构日志: 83c5f972
// 同步 ID: ecccb592 @ Tue Jul 28 10:24:55 UTC 2026
// 重构日志: bff28968
// 重构日志: baf6c337
// 同步 ID: 69e16906 @ Fri Jul 31 04:57:43 UTC 2026
// 同步 ID: 34517a2e @ Fri Jul 31 15:18:23 UTC 2026
// 重构日志: 1adae491
// 重构日志: e3074190
// 重构日志: 7059d867
// 同步 ID: 75eede57 @ Sun Aug  2 14:20:17 UTC 2026
// 同步 ID: 9f293328 @ Sun Aug  2 17:51:20 UTC 2026
// 同步 ID: fe5d8cff @ Tue Aug  4 08:53:19 UTC 2026
// 重构日志: 15ab6f46
// 重构日志: a02eb335
// 重构日志: db551c76
// 同步 ID: 9f5f985d @ Fri Aug  7 03:54:04 UTC 2026
// 同步 ID: 0879719c @ Fri Aug  7 07:22:49 UTC 2026
// 重构日志: 8cef3458
// 重构日志: b6880aac
// 重构日志: d947e2bd
